-- valid definition
-- valid definition schema
SELECT is_jsonb_valid('{"$ref":"http://json-schema.org/draft-04/schema#"}', '{"definitions":{"foo":{"type":"integer"}}}');
 is_jsonb_valid 
----------------
 t
(1 row)

-- invalid definition
-- invalid definition schema
SELECT is_jsonb_valid('{"$ref":"http://json-schema.org/draft-04/schema#"}', '{"definitions":{"foo":{"type":1}}}');
 is_jsonb_valid 
----------------
 f
(1 row)

